node:events:486
      throw er; // Unhandled 'error' event
      ^

Error: listen EADDRINUSE: address already in use :::4000
    at Server.setupListenHandle [as _listen2] (node:net:1940:16)
    at listenInCluster (node:net:1997:12)
    at Server.listen (node:net:2102:7)
    at app.listen (C:\Users\pc\Documents\personal\PRISM\PRISM\node_modules\.pnpm\express@4.22.2\node_modules\express\lib\application.js:635:24)
    at bootstrap (C:\Users\pc\Documents\personal\PRISM\PRISM\apps\api\src\index.ts:67:7)
    at process.processTicksAndRejections (node:internal/process/task_queues:103:5)
Emitted 'error' event on Server instance at:
    at emitErrorNT (node:net:1976:8)
    at process.processTicksAndRejections (node:internal/process/task_queues:89:21) {
  code: 'EADDRINUSE',
  errno: -4091,
  syscall: 'listen',
  address: '::',
  port: 4000
}

Node.js v24.13.0
node:internal/modules/esm/resolve:274
    throw new ERR_MODULE_NOT_FOUND(
          ^

Error [ERR_MODULE_NOT_FOUND]: Cannot find module 'C:\Users\pc\Documents\personal\PRISM\PRISM\apps\api\src\index.ts' imported from C:\Users\pc\Documents\personal\PRISM\PRISM\apps\api\
    at finalizeResolution (node:internal/modules/esm/resolve:274:11)
    at moduleResolve (node:internal/modules/esm/resolve:864:10)
    at defaultResolve (node:internal/modules/esm/resolve:990:11)
    at #cachedDefaultResolve (node:internal/modules/esm/loader:718:20)
    at #resolveAndMaybeBlockOnLoaderThread (node:internal/modules/esm/loader:735:38)
    at nextStep (node:internal/modules/customization_hooks:189:26)
    at resolveBaseSync (file:///C:/Users/pc/Documents/personal/PRISM/PRISM/node_modules/.pnpm/tsx@4.23.11/node_modules/tsx/dist/register-loq3nxmB.mjs:2:10932)
    at resolveDirectorySync (file:///C:/Users/pc/Documents/personal/PRISM/PRISM/node_modules/.pnpm/tsx@4.23.11/node_modules/tsx/dist/register-loq3nxmB.mjs:2:12238)
    at resolveTsPathsSync (file:///C:/Users/pc/Documents/personal/PRISM/PRISM/node_modules/.pnpm/tsx@4.23.11/node_modules/tsx/dist/register-loq3nxmB.mjs:2:13445)
    at resolve (file:///C:/Users/pc/Documents/personal/PRISM/PRISM/node_modules/.pnpm/tsx@4.23.11/node_modules/tsx/dist/register-loq3nxmB.mjs:2:15991) {
  code: 'ERR_MODULE_NOT_FOUND',
  url: 'file:///C:/Users/pc/Documents/personal/PRISM/PRISM/apps/api/src/index.ts'
}

Node.js v24.13.0
node:events:486
      throw er; // Unhandled 'error' event
      ^

Error: listen EADDRINUSE: address already in use :::4000
    at Server.setupListenHandle [as _listen2] (node:net:1940:16)
    at listenInCluster (node:net:1997:12)
    at Server.listen (node:net:2102:7)
    at app.listen (C:\Users\pc\Documents\personal\PRISM\PRISM\node_modules\.pnpm\express@4.22.2\node_modules\express\lib\application.js:635:24)
    at bootstrap (C:\Users\pc\Documents\personal\PRISM\PRISM\apps\api\src\index.ts:15:7)
    at process.processTicksAndRejections (node:internal/process/task_queues:103:5)
Emitted 'error' event on Server instance at:
    at emitErrorNT (node:net:1976:8)
    at process.processTicksAndRejections (node:internal/process/task_queues:89:21) {
  code: 'EADDRINUSE',
  errno: -4091,
  syscall: 'listen',
  address: '::',
  port: 4000
}

Node.js v24.13.0
node:events:486
      throw er; // Unhandled 'error' event
      ^

Error: listen EADDRINUSE: address already in use :::4000
    at Server.setupListenHandle [as _listen2] (node:net:1940:16)
    at listenInCluster (node:net:1997:12)
    at Server.listen (node:net:2102:7)
    at app.listen (C:\Users\pc\Documents\personal\PRISM\PRISM\node_modules\.pnpm\express@4.22.2\node_modules\express\lib\application.js:635:24)
    at bootstrap (C:\Users\pc\Documents\personal\PRISM\PRISM\apps\api\src\index.ts:15:7)
    at process.processTicksAndRejections (node:internal/process/task_queues:103:5)
Emitted 'error' event on Server instance at:
    at emitErrorNT (node:net:1976:8)
    at process.processTicksAndRejections (node:internal/process/task_queues:89:21) {
  code: 'EADDRINUSE',
  errno: -4091,
  syscall: 'listen',
  address: '::',
  port: 4000
}

Node.js v24.13.0
node:events:486
      throw er; // Unhandled 'error' event
      ^

Error: listen EADDRINUSE: address already in use :::4000
    at Server.setupListenHandle [as _listen2] (node:net:1940:16)
    at listenInCluster (node:net:1997:12)
    at Server.listen (node:net:2102:7)
    at app.listen (C:\Users\pc\Documents\personal\PRISM\PRISM\node_modules\.pnpm\express@4.22.2\node_modules\express\lib\application.js:635:24)
    at bootstrap (C:\Users\pc\Documents\personal\PRISM\PRISM\apps\api\src\index.ts:15:7)
    at process.processTicksAndRejections (node:internal/process/task_queues:103:5)
Emitted 'error' event on Server instance at:
    at emitErrorNT (node:net:1976:8)
    at process.processTicksAndRejections (node:internal/process/task_queues:89:21) {
  code: 'EADDRINUSE',
  errno: -4091,
  syscall: 'listen',
  address: '::',
  port: 4000
}

Node.js v24.13.0
ules\.pnpm\express@4.22.2\node_modules\express\lib\application.js:635:24)
    at bootstrap (C:\Users\pc\Documents\personal\PRISM\PRISM\apps\api\src\index.ts:15:7)
    at process.processTicksAndRejections (node:internal/process/task_queues:103:5)
Emitted 'error' event on Server instance at:
    at emitErrorNT (node:net:1976:8)
    at process.processTicksAndRejections (node:internal/process/task_queues:89:21) {
  code: 'EADDRINUSE',
  errno: -4091,
  syscall: 'listen',
  address: '::',
  port: 4000
}

Node.js v24.13.0
node:events:486
      throw er; // Unhandled 'error' event
      ^

Error: listen EADDRINUSE: address already in use :::4000
    at Server.setupListenHandle [as _listen2] (node:net:1940:16)
    at listenInCluster (node:net:1997:12)
    at Server.listen (node:net:2102:7)
    at app.listen (C:\Users\pc\Documents\personal\PRISM\PRISM\node_modules\.pnpm\express@4.22.2\node_modules\express\lib\application.js:635:24)
    at bootstrap (C:\Users\pc\Documents\personal\PRISM\PRISM\apps\api\src\index.ts:15:7)
    at process.processTicksAndRejections (node:internal/process/task_queues:103:5)
Emitted 'error' event on Server instance at:
    at emitErrorNT (node:net:1976:8)
    at process.processTicksAndRejections (node:internal/process/task_queues:89:21) {
  code: 'EADDRINUSE',
  errno: -4091,
  syscall: 'listen',
  address: '::',
  port: 4000
}

Node.js v24.13.0
